// Jest Snapshot v1, https://goo.gl/fbAQLP

exports[`src > components > UI > UIDivider match snapshot 1`] = `
<View
  style={
    [
      {
        "position": "relative",
      },
      {
        "display": "flex",
      },
      {
        "alignItems": "center",
      },
      {
        "justifyContent": "center",
      },
    ]
  }
>
  <View
    aria-hidden={true}
    style={
      [
        {
          "position": "absolute",
        },
        {
          "top": 0,
        },
        {
          "right": 0,
        },
        {
          "bottom": 0,
        },
        {
          "left": 0,
        },
        {
          "display": "flex",
        },
        {
          "alignItems": "center",
        },
        {
          "justifyContent": "center",
        },
      ]
    }
  >
    <View
      style={
        [
          {
            "width": "100%",
          },
          {
            "borderTopWidth": 1,
          },
          {
            "borderBottomColor": "#d1d5db",
            "borderLeftColor": "#d1d5db",
            "borderRightColor": "#d1d5db",
            "borderTopColor": "#d1d5db",
          },
        ]
      }
    />
  </View>
  <View
    style={
      [
        {
          "position": "relative",
        },
        {
          "display": "flex",
        },
        {
          "alignItems": "center",
        },
        {
          "justifyContent": "center",
        },
      ]
    }
  >
    <Text
      style={
        [
          {
            "backgroundColor": "#fff",
          },
          {
            "paddingLeft": 8,
            "paddingRight": 8,
          },
          {
            "fontSize": 14,
            "lineHeight": 20,
          },
          {
            "color": "#6b7280",
          },
        ]
      }
    >
      Ou
    </Text>
  </View>
</View>
`;
