// Jest Snapshot v1, https://goo.gl/fbAQLP

exports[`renders correctly 1`] = `
<Text
  style={
    [
      {
        "color": "#1A54F8",
      },
      [
        undefined,
        {
          "fontFamily": "space-mono",
        },
      ],
    ]
  }
>
  Snapshot
</Text>
`;
